// Jest Snapshot v1, https://goo.gl/fbAQLP

exports[`App.vue should render correctly 1`] = `
<div
  id="app"
>
  <div
    id="container"
  >
    <div
      class="app-controls"
    >
      <div
        class="manage-state"
      >
        <textarea
          id="serialized-state"
          name="serialized-state"
          placeholder="Please paste state here in JSON format"
        />
         
        <input
          type="button"
          value="Set state"
        />
         
        <input
          type="button"
          value="Copy state to clipboard"
        />
         
        <input
          type="button"
          value="Load state"
        />
      </div>
       
      <div
        class="create-group-form"
      >
        <input
          id="new-group-title"
          name="new-group-title"
          placeholder="Group title"
          type="text"
        />
         
        <input
          type="button"
          value="Create group"
        />
      </div>
       
      <!---->
    </div>
     
    <div />
  </div>
</div>
`;
