// Jest Snapshot v1, https://goo.gl/fbAQLP

exports[`CreateItemForm.vue should render correctly 1`] = `<!---->`;
